[dreamstour.dreamstechnologies.com/html/index.html]
[backblue.gif]
[fade.gif]
[index.html]
[dreamstour.dreamstechnologies.com/html/assets/img/apple-touch-icon.png]
[dreamstour.dreamstechnologies.com/html/assets/img/favicon.png]
[dreamstour.dreamstechnologies.com/html/assets/js/theme-script.js]
[dreamstour.dreamstechnologies.com/html/assets/css/animate.css]
[dreamstour.dreamstechnologies.com/html/assets/css/bootstrap.min.css]
[dreamstour.dreamstechnologies.com/html/assets/css/meanmenu.css]
[dreamstour.dreamstechnologies.com/html/assets/plugins/tabler-icons/tabler-icons.css]
[dreamstour.dreamstechnologies.com/html/assets/plugins/fontawesome/css/fontawesome.min.css]
[dreamstour.dreamstechnologies.com/html/assets/plugins/fontawesome/css/all.min.css]
[dreamstour.dreamstechnologies.com/html/assets/plugins/fancybox/jquery.fancybox.min.css]
[dreamstour.dreamstechnologies.com/html/assets/plugins/owlcarousel/owl.carousel.min.css]
[dreamstour.dreamstechnologies.com/html/assets/css/iconsax.css]
[dreamstour.dreamstechnologies.com/html/assets/css/bootstrap-datetimepicker.min.css]
[dreamstour.dreamstechnologies.com/html/assets/css/style.css]
[dreamstour.dreamstechnologies.com/html/assets/img/flags/us-flag.svg]
[dreamstour.dreamstechnologies.com/html/assets/img/flags/arab-flag.svg]
[dreamstour.dreamstechnologies.com/html/assets/img/flags/france-flag.svg]
[dreamstour.dreamstechnologies.com/html/wishlist.html]
[dreamstour.dreamstechnologies.com/html/index-2.html]
[dreamstour.dreamstechnologies.com/html/assets/img/logo-dark.svg]
[dreamstour.dreamstechnologies.com/html/assets/img/logo.svg]
[dreamstour.dreamstechnologies.com/html/become-an-expert.html]
[dreamstour.dreamstechnologies.com/html/assets/img/menu/home-01.jpg]
[dreamstour.dreamstechnologies.com/html/index-3.html]
[dreamstour.dreamstechnologies.com/html/assets/img/menu/home-02.jpg]
[dreamstour.dreamstechnologies.com/html/index-4.html]
[dreamstour.dreamstechnologies.com/html/assets/img/menu/home-03.jpg]
[dreamstour.dreamstechnologies.com/html/index-5.html]
[dreamstour.dreamstechnologies.com/html/assets/img/menu/home-04.jpg]
[dreamstour.dreamstechnologies.com/html/index-6.html]
[dreamstour.dreamstechnologies.com/html/assets/img/menu/home-05.jpg]
[dreamstour.dreamstechnologies.com/html/index-7.html]
[dreamstour.dreamstechnologies.com/html/assets/img/menu/home-06.jpg]
[dreamstour.dreamstechnologies.com/html/flight-grid.html]
[dreamstour.dreamstechnologies.com/html/flight-list.html]
[dreamstour.dreamstechnologies.com/html/flight-details.html]
[dreamstour.dreamstechnologies.com/html/flight-booking-confirmation.html]
[dreamstour.dreamstechnologies.com/html/add-flight.html]
[dreamstour.dreamstechnologies.com/html/assets/img/menu/flight.jpg]
[dreamstour.dreamstechnologies.com/html/hotel-grid.html]
[dreamstour.dreamstechnologies.com/html/hotel-list.html]
[dreamstour.dreamstechnologies.com/html/hotel-map.html]
[dreamstour.dreamstechnologies.com/html/hotel-details.html]
[dreamstour.dreamstechnologies.com/html/booking-confirmation.html]
[dreamstour.dreamstechnologies.com/html/add-hotel.html]
[dreamstour.dreamstechnologies.com/html/assets/img/menu/hotel.jpg]
[dreamstour.dreamstechnologies.com/html/car-grid.html]
[dreamstour.dreamstechnologies.com/html/car-list.html]
[dreamstour.dreamstechnologies.com/html/car-map.html]
[dreamstour.dreamstechnologies.com/html/car-details.html]
[dreamstour.dreamstechnologies.com/html/car-booking-confirmation.html]
[dreamstour.dreamstechnologies.com/html/add-car.html]
[dreamstour.dreamstechnologies.com/html/assets/img/menu/car.jpg]
[dreamstour.dreamstechnologies.com/html/cruise-grid.html]
[dreamstour.dreamstechnologies.com/html/cruise-list.html]
[dreamstour.dreamstechnologies.com/html/cruise-map.html]
[dreamstour.dreamstechnologies.com/html/cruise-details.html]
[dreamstour.dreamstechnologies.com/html/cruise-booking-confirmation.html]
[dreamstour.dreamstechnologies.com/html/add-cruise.html]
[dreamstour.dreamstechnologies.com/html/assets/img/menu/cruise.jpg]
[dreamstour.dreamstechnologies.com/html/tour-grid.html]
[dreamstour.dreamstechnologies.com/html/tour-list.html]
[dreamstour.dreamstechnologies.com/html/tour-map.html]
[dreamstour.dreamstechnologies.com/html/tour-details.html]
[dreamstour.dreamstechnologies.com/html/tour-booking-confirmation.html]
[dreamstour.dreamstechnologies.com/html/add-tour.html]
[dreamstour.dreamstechnologies.com/html/assets/img/menu/tour.jpg]
[dreamstour.dreamstechnologies.com/html/about-us.html]
[dreamstour.dreamstechnologies.com/html/gallery.html]
[dreamstour.dreamstechnologies.com/html/testimonial.html]
[dreamstour.dreamstechnologies.com/html/faq.html]
[dreamstour.dreamstechnologies.com/html/pricing-plan.html]
[dreamstour.dreamstechnologies.com/html/team.html]
[dreamstour.dreamstechnologies.com/html/invoices.html]
[dreamstour.dreamstechnologies.com/html/blog-grid.html]
[dreamstour.dreamstechnologies.com/html/blog-list.html]
[dreamstour.dreamstechnologies.com/html/blog-details.html]
[dreamstour.dreamstechnologies.com/html/contact-us.html]
[dreamstour.dreamstechnologies.com/html/destination.html]
[dreamstour.dreamstechnologies.com/html/terms-conditions.html]
[dreamstour.dreamstechnologies.com/html/privacy-policy.html]
[dreamstour.dreamstechnologies.com/html/login.html]
[dreamstour.dreamstechnologies.com/html/register.html]
[dreamstour.dreamstechnologies.com/html/forgot-password.html]
[dreamstour.dreamstechnologies.com/html/change-password.html]
[dreamstour.dreamstechnologies.com/html/error-404.html]
[dreamstour.dreamstechnologies.com/html/error-500.html]
[dreamstour.dreamstechnologies.com/html/under-maintenance.html]
[dreamstour.dreamstechnologies.com/html/coming-soon.html]
[dreamstour.dreamstechnologies.com/html/index-rtl.html]
[dreamstour.dreamstechnologies.com/html/dashboard.html]
[dreamstour.dreamstechnologies.com/html/customer-flight-booking.html]
[dreamstour.dreamstechnologies.com/html/review.html]
[dreamstour.dreamstechnologies.com/html/chat.html]
[dreamstour.dreamstechnologies.com/html/wallet.html]
[dreamstour.dreamstechnologies.com/html/payment.html]
[dreamstour.dreamstechnologies.com/html/profile-settings.html]
[dreamstour.dreamstechnologies.com/html/notification-settings.html]
[dreamstour.dreamstechnologies.com/html/my-profile.html]
[dreamstour.dreamstechnologies.com/html/security-settings.html]
[dreamstour.dreamstechnologies.com/html/agent-dashboard.html]
[dreamstour.dreamstechnologies.com/html/agent-listings.html]
[dreamstour.dreamstechnologies.com/html/agent-hotel-booking.html]
[dreamstour.dreamstechnologies.com/html/agent-enquirers.html]
[dreamstour.dreamstechnologies.com/html/agent-earnings.html]
[dreamstour.dreamstechnologies.com/html/agent-review.html]
[dreamstour.dreamstechnologies.com/html/agent-settings.html]
[dreamstour.dreamstechnologies.com/html/assets/img/banner/banner-01.jpg]
[dreamstour.dreamstechnologies.com/html/assets/img/banner/banner-02.jpg]
[dreamstour.dreamstechnologies.com/html/assets/img/banner/banner-03.jpg]
[dreamstour.dreamstechnologies.com/html/assets/img/banner/banner-04.jpg]
[dreamstour.dreamstechnologies.com/html/assets/img/destination/destination-01.jpg]
[dreamstour.dreamstechnologies.com/html/assets/img/destination/destination-02.jpg]
[dreamstour.dreamstechnologies.com/html/assets/img/destination/destination-03.jpg]
[dreamstour.dreamstechnologies.com/html/assets/img/destination/destination-04.jpg]
[dreamstour.dreamstechnologies.com/html/assets/img/destination/destination-05.jpg]
[dreamstour.dreamstechnologies.com/html/assets/img/hotels/hotel-01.jpg]
[dreamstour.dreamstechnologies.com/html/assets/img/hotels/hotel-02.jpg]
[dreamstour.dreamstechnologies.com/html/assets/img/hotels/hotel-03.jpg]
[dreamstour.dreamstechnologies.com/html/assets/img/users/user-01.jpg]
[dreamstour.dreamstechnologies.com/html/assets/img/users/user-06.jpg]
[dreamstour.dreamstechnologies.com/html/assets/img/hotels/hotel-04.jpg]
[dreamstour.dreamstechnologies.com/html/assets/img/users/user-02.jpg]
[dreamstour.dreamstechnologies.com/html/assets/img/users/user-04.jpg]
[dreamstour.dreamstechnologies.com/html/assets/img/flight/flight-01.jpg]
[dreamstour.dreamstechnologies.com/html/assets/img/icons/airindia.svg]
[dreamstour.dreamstechnologies.com/html/assets/img/users/user-11.jpg]
[dreamstour.dreamstechnologies.com/html/assets/img/flight/flight-02.jpg]
[dreamstour.dreamstechnologies.com/html/assets/img/flight/flight-06.jpg]
[dreamstour.dreamstechnologies.com/html/assets/img/flight/flight-07.jpg]
[dreamstour.dreamstechnologies.com/html/assets/img/users/user-12.jpg]
[dreamstour.dreamstechnologies.com/html/assets/img/flight/flight-03.jpg]
[dreamstour.dreamstechnologies.com/html/assets/img/users/user-13.jpg]
[dreamstour.dreamstechnologies.com/html/assets/img/flight/flight-04.jpg]
[dreamstour.dreamstechnologies.com/html/assets/img/flight/flight-08.jpg]
[dreamstour.dreamstechnologies.com/html/assets/img/flight/flight-10.jpg]
[dreamstour.dreamstechnologies.com/html/assets/img/users/user-15.jpg]
[dreamstour.dreamstechnologies.com/html/assets/img/users/user-10.jpg]
[dreamstour.dreamstechnologies.com/html/assets/img/cars/car-06.jpg]
[dreamstour.dreamstechnologies.com/html/assets/img/cars/car-07.jpg]
[dreamstour.dreamstechnologies.com/html/assets/img/cars/car-08.jpg]
[dreamstour.dreamstechnologies.com/html/assets/img/users/user-08.jpg]
[dreamstour.dreamstechnologies.com/html/assets/img/cars/car-09.jpg]
[dreamstour.dreamstechnologies.com/html/assets/img/users/user-09.jpg]
[dreamstour.dreamstechnologies.com/html/assets/img/cars/car-10.jpg]
[dreamstour.dreamstechnologies.com/html/assets/img/cars/car-11.jpg]
[dreamstour.dreamstechnologies.com/html/assets/img/cars/car-12.jpg]
[dreamstour.dreamstechnologies.com/html/assets/img/cars/car-13.jpg]
[dreamstour.dreamstechnologies.com/html/assets/img/cruise/cruise-05.jpg]
[dreamstour.dreamstechnologies.com/html/assets/img/cruise/cruise-02.jpg]
[dreamstour.dreamstechnologies.com/html/assets/img/cruise/cruise-04.jpg]
[dreamstour.dreamstechnologies.com/html/assets/img/cruise/cruise-12.jpg]
[dreamstour.dreamstechnologies.com/html/assets/img/cruise/cruise-09.jpg]
[dreamstour.dreamstechnologies.com/html/assets/img/cruise/cruise-10.jpg]
[dreamstour.dreamstechnologies.com/html/assets/img/cruise/cruise-01.jpg]
[dreamstour.dreamstechnologies.com/html/assets/img/cruise/cruise-07.jpg]
[dreamstour.dreamstechnologies.com/html/assets/img/tours/tours-07.jpg]
[dreamstour.dreamstechnologies.com/html/assets/img/tours/tours-08.jpg]
[dreamstour.dreamstechnologies.com/html/assets/img/tours/tours-09.jpg]
[dreamstour.dreamstechnologies.com/html/assets/img/tours/tours-10.jpg]
[dreamstour.dreamstechnologies.com/html/assets/img/tours/tours-11.jpg]
[dreamstour.dreamstechnologies.com/html/assets/img/tours/tours-12.jpg]
[dreamstour.dreamstechnologies.com/html/assets/img/tours/tours-13.jpg]
[dreamstour.dreamstechnologies.com/html/assets/img/icons/listing.svg]
[dreamstour.dreamstechnologies.com/html/assets/img/about.png]
[dreamstour.dreamstechnologies.com/html/assets/img/icons/progress-icon.svg]
[dreamstour.dreamstechnologies.com/html/assets/img/users/user-05.jpg]
[dreamstour.dreamstechnologies.com/html/assets/img/bg/about-bg.png]
[dreamstour.dreamstechnologies.com/html/assets/img/bg/about-bg-01.svg]
[dreamstour.dreamstechnologies.com/html/assets/img/expert/expert-01.png]
[dreamstour.dreamstechnologies.com/html/assets/img/flags/brazil.svg]
[dreamstour.dreamstechnologies.com/html/assets/img/expert/expert-02.png]
[dreamstour.dreamstechnologies.com/html/assets/img/flags/japan.svg]
[dreamstour.dreamstechnologies.com/html/assets/img/expert/expert-03.png]
[dreamstour.dreamstechnologies.com/html/assets/img/flags/africa.svg]
[dreamstour.dreamstechnologies.com/html/assets/img/expert/expert-04.png]
[dreamstour.dreamstechnologies.com/html/assets/img/flags/australia.svg]
[dreamstour.dreamstechnologies.com/html/assets/img/expert/expert-05.png]
[dreamstour.dreamstechnologies.com/html/assets/img/flags/norway.svg]
[dreamstour.dreamstechnologies.com/html/assets/img/clients/client-01.svg]
[dreamstour.dreamstechnologies.com/html/assets/img/clients/client-02.svg]
[dreamstour.dreamstechnologies.com/html/assets/img/clients/client-03.svg]
[dreamstour.dreamstechnologies.com/html/assets/img/clients/client-04.svg]
[dreamstour.dreamstechnologies.com/html/assets/img/clients/client-05.svg]
[dreamstour.dreamstechnologies.com/html/assets/img/clients/client-06.svg]
[dreamstour.dreamstechnologies.com/html/assets/img/clients/client-07.svg]
[dreamstour.dreamstechnologies.com/html/assets/img/users/user-03.jpg]
[dreamstour.dreamstechnologies.com/html/assets/img/bg/testimonial-bg-01.svg]
[dreamstour.dreamstechnologies.com/html/assets/img/bg/update-bg.png]
[dreamstour.dreamstechnologies.com/html/assets/img/blog/blog-01.jpg]
[dreamstour.dreamstechnologies.com/html/assets/img/blog/blog-02.jpg]
[dreamstour.dreamstechnologies.com/html/assets/img/blog/blog-03.jpg]
[dreamstour.dreamstechnologies.com/html/assets/img/icons/googleplay.svg]
[dreamstour.dreamstechnologies.com/html/assets/img/icons/appstore.svg]
[dreamstour.dreamstechnologies.com/html/assets/img/bg/footer.svg]
[dreamstour.dreamstechnologies.com/html/assets/img/icons/card-01.svg]
[dreamstour.dreamstechnologies.com/html/assets/img/icons/card-02.svg]
[dreamstour.dreamstechnologies.com/html/assets/img/icons/card-03.svg]
[dreamstour.dreamstechnologies.com/html/assets/img/icons/card-04.svg]
[dreamstour.dreamstechnologies.com/html/assets/img/icons/card-05.svg]
[dreamstour.dreamstechnologies.com/html/assets/img/icons/card-06.svg]
[dreamstour.dreamstechnologies.com/html/assets/img/icons/google-icon.svg]
[dreamstour.dreamstechnologies.com/html/assets/img/icons/fb-icon.svg]
[dreamstour.dreamstechnologies.com/cdn-cgi/scripts/5c5dd728/cloudflare-static/email-decode.min.js]
[dreamstour.dreamstechnologies.com/html/assets/js/jquery-3.7.1.min.js]
[dreamstour.dreamstechnologies.com/html/assets/js/bootstrap.bundle.min.js]
[dreamstour.dreamstechnologies.com/html/assets/js/wow.min.js]
[dreamstour.dreamstechnologies.com/html/assets/js/jquery.meanmenu.min.js]
[dreamstour.dreamstechnologies.com/html/assets/plugins/owlcarousel/owl.carousel.min.js]
[dreamstour.dreamstechnologies.com/html/assets/plugins/fancybox/jquery.fancybox.min.js]
[dreamstour.dreamstechnologies.com/html/assets/js/jquery.counterup.min.js]
[dreamstour.dreamstechnologies.com/html/assets/js/jquery.waypoints.min.js]
[dreamstour.dreamstechnologies.com/html/assets/plugins/moment/moment.js]
[dreamstour.dreamstechnologies.com/html/assets/js/bootstrap-datetimepicker.min.js]
[dreamstour.dreamstechnologies.com/html/assets/js/cursor.js]
[dreamstour.dreamstechnologies.com/html/assets/js/script.js]
[dreamstour.dreamstechnologies.com/html/index.html]
[dreamstour.dreamstechnologies.com/html/assets/css/animate.css]
[dreamstour.dreamstechnologies.com/html/assets/css/bootstrap.min.css]
[dreamstour.dreamstechnologies.com/html/assets/css/meanmenu.css]
[dreamstour.dreamstechnologies.com/cdn-cgi/scripts/7d0fa10a/cloudflare-static/rocket-loader.min.js]
[dreamstour.dreamstechnologies.com/html/assets/plugins/tabler-icons/fonts/tabler-icons539a.eot]
[dreamstour.dreamstechnologies.com/html/assets/plugins/tabler-icons/fonts/tabler-icons539a.woff2]
[dreamstour.dreamstechnologies.com/html/assets/plugins/tabler-icons/fonts/tabler-iconsd41d.eot]
[dreamstour.dreamstechnologies.com/html/assets/plugins/tabler-icons/fonts/tabler-iconsd41d.woff]
[dreamstour.dreamstechnologies.com/html/assets/plugins/tabler-icons/tabler-icons.css]
[dreamstour.dreamstechnologies.com/html/assets/plugins/fontawesome/css/fontawesome.min.css]
[dreamstour.dreamstechnologies.com/html/assets/plugins/tabler-icons/fonts/tabler-icons539a.ttf]
[dreamstour.dreamstechnologies.com/html/assets/plugins/fontawesome/webfonts/fa-brands-400.woff2]
[dreamstour.dreamstechnologies.com/html/assets/plugins/fontawesome/webfonts/fa-brands-400.ttf]
[dreamstour.dreamstechnologies.com/html/assets/plugins/fontawesome/webfonts/fa-regular-400.woff2]
[dreamstour.dreamstechnologies.com/html/assets/plugins/fontawesome/webfonts/fa-regular-400.ttf]
[dreamstour.dreamstechnologies.com/html/assets/plugins/fontawesome/webfonts/fa-solid-900.woff2]
[dreamstour.dreamstechnologies.com/html/assets/plugins/fontawesome/webfonts/fa-solid-900.ttf]
[dreamstour.dreamstechnologies.com/html/assets/plugins/fontawesome/webfonts/fa-v4compatibility.woff2]
[dreamstour.dreamstechnologies.com/html/assets/plugins/fontawesome/css/all.min.css]
[dreamstour.dreamstechnologies.com/html/assets/plugins/fancybox/jquery.fancybox.min.css]
[dreamstour.dreamstechnologies.com/html/assets/plugins/fontawesome/webfonts/fa-v4compatibility.ttf]
[dreamstour.dreamstechnologies.com/html/assets/plugins/owlcarousel/owl.video.play.png]
[dreamstour.dreamstechnologies.com/html/assets/plugins/owlcarousel/owl.carousel.min.css]
[dreamstour.dreamstechnologies.com/html/assets/fonts/iconsax92de.eot]
[dreamstour.dreamstechnologies.com/html/assets/fonts/iconsax92de.ttf]
[dreamstour.dreamstechnologies.com/html/assets/fonts/iconsax92de.woff]
[dreamstour.dreamstechnologies.com/html/assets/fonts/iconsax92de.svg]
[dreamstour.dreamstechnologies.com/html/assets/css/iconsax.css]
[dreamstour.dreamstechnologies.com/html/assets/css/bootstrap-datetimepicker.min.css]
[dreamstour.dreamstechnologies.com/html/assets/img/bg/menu-bg.png]
[dreamstour.dreamstechnologies.com/html/assets/img/bg/breadcrumb.jpg]
[dreamstour.dreamstechnologies.com/html/assets/img/bg/breadcrumb-02.jpg]
[dreamstour.dreamstechnologies.com/html/assets/img/bg/breadcrumb-03.jpg]
[dreamstour.dreamstechnologies.com/html/assets/img/bg/breadcrumb-05.jpg]
[dreamstour.dreamstechnologies.com/html/assets/img/bg/breadcrumb-04.jpg]
[dreamstour.dreamstechnologies.com/html/assets/img/bg/benefit-bg.png]
[dreamstour.dreamstechnologies.com/html/assets/img/icons/star-icon.svg]
[dreamstour.dreamstechnologies.com/html/assets/img/video.jpg]
[dreamstour.dreamstechnologies.com/html/assets/img/bg/faq-bg.png]
[dreamstour.dreamstechnologies.com/html/assets/img/banner/car-banner.jpg]
[dreamstour.dreamstechnologies.com/html/assets/img/bg/faq-bg-03.png]
[dreamstour.dreamstechnologies.com/html/assets/img/banner/flight-banner.jpg]
[dreamstour.dreamstechnologies.com/html/assets/img/banner/cruise-banner.jpg]
[dreamstour.dreamstechnologies.com/html/assets/img/icons/star-white.svg]
[dreamstour.dreamstechnologies.com/html/assets/img/bg/authetication-bg.png]
[dreamstour.dreamstechnologies.com/html/assets/img/bg/authentication-footer-bg.png]
[dreamstour.dreamstechnologies.com/html/assets/img/bg/coming-soon-bg.svg]
[dreamstour.dreamstechnologies.com/html/assets/img/icons/star-icon-2.svg]
[dreamstour.dreamstechnologies.com/html/assets/img/bg/hotel-bg-07.png]
[dreamstour.dreamstechnologies.com/html/assets/img/tours/home-banner-6.jpg]
[dreamstour.dreamstechnologies.com/html/assets/img/bg/section-top-bg.png]
[dreamstour.dreamstechnologies.com/html/assets/img/tours/tours-35.jpg]
[dreamstour.dreamstechnologies.com/html/assets/img/icons/dropdown.svg]
[dreamstour.dreamstechnologies.com/html/assets/css/style.css]
[dreamstour.dreamstechnologies.com/html/assets/img/flags/us-flag.svg]
[dreamstour.dreamstechnologies.com/html/assets/img/flags/arab-flag.svg]
[dreamstour.dreamstechnologies.com/html/assets/img/flags/france-flag.svg]
[dreamstour.dreamstechnologies.com/html/assets/plugins/daterangepicker/daterangepicker.css]
[dreamstour.dreamstechnologies.com/html/customer-hotel-booking.html]
[dreamstour.dreamstechnologies.com/html/assets/img/users/user-lg-26.jpg]
[dreamstour.dreamstechnologies.com/html/customer-car-booking.html]
[dreamstour.dreamstechnologies.com/html/customer-cruise-booking.html]
[dreamstour.dreamstechnologies.com/html/customer-tour-booking.html]
[dreamstour.dreamstechnologies.com/html/notification.html]
[dreamstour.dreamstechnologies.com/html/assets/plugins/theia-sticky-sidebar/ResizeSensor.js]
[dreamstour.dreamstechnologies.com/html/assets/plugins/theia-sticky-sidebar/theia-sticky-sidebar.js]
[dreamstour.dreamstechnologies.com/html/assets/js/moment.js]
[dreamstour.dreamstechnologies.com/html/assets/plugins/daterangepicker/daterangepicker.js]
[dreamstour.dreamstechnologies.com/html/wishlist.html]
[dreamstour.dreamstechnologies.com/html/index-2.html]
[dreamstour.dreamstechnologies.com/html/assets/img/logo-dark.svg]
[dreamstour.dreamstechnologies.com/html/assets/img/logo.svg]
[dreamstour.dreamstechnologies.com/html/assets/plugins/ion-rangeslider/css/ion.rangeSlider.css]
[dreamstour.dreamstechnologies.com/html/assets/plugins/ion-rangeslider/css/ion.rangeSlider.min.css]
[dreamstour.dreamstechnologies.com/html/assets/img/section-img-02.png]
[dreamstour.dreamstechnologies.com/html/assets/img/users/user-07.jpg]
[dreamstour.dreamstechnologies.com/html/assets/plugins/ion-rangeslider/js/ion.rangeSlider.js]
[dreamstour.dreamstechnologies.com/html/assets/plugins/ion-rangeslider/js/custom-rangeslider.js]
[dreamstour.dreamstechnologies.com/html/assets/plugins/ion-rangeslider/js/ion.rangeSlider.min.js]
[dreamstour.dreamstechnologies.com/html/become-an-expert.html]
[dreamstour.dreamstechnologies.com/html/assets/plugins/slick/slick.css]
[dreamstour.dreamstechnologies.com/html/assets/img/hotels/hotel-slider-01.jpg]
[dreamstour.dreamstechnologies.com/html/assets/img/hotels/hotel-slider-02.jpg]
[dreamstour.dreamstechnologies.com/html/assets/img/hotels/hotel-slider-03.jpg]
[dreamstour.dreamstechnologies.com/html/assets/img/hotels/hotel-slider-04.jpg]
[dreamstour.dreamstechnologies.com/html/assets/img/hotels/hotel-slider-thumb-01.jpg]
[dreamstour.dreamstechnologies.com/html/assets/img/hotels/hotel-slider-thumb-02.jpg]
[dreamstour.dreamstechnologies.com/html/assets/img/hotels/hotel-slider-thumb-03.jpg]
[dreamstour.dreamstechnologies.com/html/assets/img/hotels/hotel-slider-thumb-04.jpg]
[dreamstour.dreamstechnologies.com/html/assets/img/bg/hotel-bg-02.svg]
[dreamstour.dreamstechnologies.com/html/assets/img/bg/hotel-bg-01.svg]
[dreamstour.dreamstechnologies.com/html/assets/img/bg/hotel-bg-03.svg]
[dreamstour.dreamstechnologies.com/html/assets/img/hotels/hotel-25.jpg]
[dreamstour.dreamstechnologies.com/html/assets/img/hotels/hotel-26.jpg]
[dreamstour.dreamstechnologies.com/html/assets/img/hotels/hotel-27.jpg]
[dreamstour.dreamstechnologies.com/html/assets/img/hotels/hotel-28.jpg]
[dreamstour.dreamstechnologies.com/html/assets/img/hotels/hotel-29.jpg]
[dreamstour.dreamstechnologies.com/html/assets/img/hotels/hotel-07.jpg]
[dreamstour.dreamstechnologies.com/html/assets/img/hotels/hotel-08.jpg]
[dreamstour.dreamstechnologies.com/html/assets/img/hotels/hotel-09.jpg]
[dreamstour.dreamstechnologies.com/html/assets/img/hotels/hotel-05.jpg]
[dreamstour.dreamstechnologies.com/html/assets/img/hotels/hotel-06.jpg]
[dreamstour.dreamstechnologies.com/html/assets/img/hotels/hotel-11.jpg]
[dreamstour.dreamstechnologies.com/html/assets/img/hotels/hotel-12.jpg]
[dreamstour.dreamstechnologies.com/html/assets/img/bg/hotel-bg-04.svg]
[dreamstour.dreamstechnologies.com/html/assets/img/hotels/slider-01.jpg]
[dreamstour.dreamstechnologies.com/html/assets/img/icons/hotel-logo-01.svg]
[dreamstour.dreamstechnologies.com/html/assets/img/icons/hotel-logo-02.svg]
[dreamstour.dreamstechnologies.com/html/assets/img/icons/hotel-logo-03.svg]
[dreamstour.dreamstechnologies.com/html/assets/img/icons/hotel-logo-04.svg]
[dreamstour.dreamstechnologies.com/html/assets/img/destination/destination-30.jpg]
[dreamstour.dreamstechnologies.com/html/assets/img/destination/destination-31.jpg]
[dreamstour.dreamstechnologies.com/html/assets/img/destination/destination-32.jpg]
[dreamstour.dreamstechnologies.com/html/assets/img/destination/destination-33.jpg]
[dreamstour.dreamstechnologies.com/html/assets/img/destination/destination-34.jpg]
[dreamstour.dreamstechnologies.com/html/assets/img/bg/hotel-bg-05.svg]
[dreamstour.dreamstechnologies.com/html/assets/img/bg/hotel-bg-06.svg]
[dreamstour.dreamstechnologies.com/html/assets/img/section-img.png]
[dreamstour.dreamstechnologies.com/html/assets/img/bg/bg-03.png]
[dreamstour.dreamstechnologies.com/html/assets/img/faq/faq-02.png]
[dreamstour.dreamstechnologies.com/html/assets/img/blog/blog-15.jpg]
[dreamstour.dreamstechnologies.com/html/assets/img/blog/blog-16.jpg]
[dreamstour.dreamstechnologies.com/html/assets/img/blog/blog-17.jpg]
[dreamstour.dreamstechnologies.com/html/assets/plugins/slick/slick.min.js]
[dreamstour.dreamstechnologies.com/html/index-3.html]
[dreamstour.dreamstechnologies.com/html/assets/img/icons/car-icon.svg]
[dreamstour.dreamstechnologies.com/html/assets/img/cars/car-01.png]
[dreamstour.dreamstechnologies.com/html/assets/img/cars/car-02.png]
[dreamstour.dreamstechnologies.com/html/assets/img/cars/car-03.png]
[dreamstour.dreamstechnologies.com/html/assets/img/cars/car-04.png]
[dreamstour.dreamstechnologies.com/html/assets/img/cars/car-05.png]
[dreamstour.dreamstechnologies.com/html/assets/img/cars/about-01.jpg]
[dreamstour.dreamstechnologies.com/html/assets/img/cars/about-02.jpg]
[dreamstour.dreamstechnologies.com/html/assets/img/cars/about-03.jpg]
[dreamstour.dreamstechnologies.com/html/assets/img/cars/about-04.jpg]
[dreamstour.dreamstechnologies.com/html/assets/img/cars/work-img.png]
[dreamstour.dreamstechnologies.com/html/assets/img/destination/destination-35.jpg]
[dreamstour.dreamstechnologies.com/html/assets/img/destination/destination-36.jpg]
[dreamstour.dreamstechnologies.com/html/assets/img/destination/destination-37.jpg]
[dreamstour.dreamstechnologies.com/html/assets/img/destination/destination-38.jpg]
[dreamstour.dreamstechnologies.com/html/assets/img/destination/destination-39.jpg]
[dreamstour.dreamstechnologies.com/html/assets/img/bg/bg-02.png]
[dreamstour.dreamstechnologies.com/html/assets/img/bg/bg-01.png]
[dreamstour.dreamstechnologies.com/html/assets/img/icons/arrow.svg]
[dreamstour.dreamstechnologies.com/html/assets/img/icons/circle-shape.svg]
[dreamstour.dreamstechnologies.com/html/assets/img/blog/blog-18.jpg]
[dreamstour.dreamstechnologies.com/html/assets/img/blog/blog-19.jpg]
[dreamstour.dreamstechnologies.com/html/assets/img/blog/blog-20.jpg]
[dreamstour.dreamstechnologies.com/html/assets/img/cars/car.png]
[dreamstour.dreamstechnologies.com/html/assets/img/bg/app-bg-01.png]
[dreamstour.dreamstechnologies.com/html/assets/img/bg/app-bg-02.png]
[dreamstour.dreamstechnologies.com/html/index-4.html]
[dreamstour.dreamstechnologies.com/html/assets/img/destination/destination-15.jpg]
[dreamstour.dreamstechnologies.com/html/assets/img/destination/destination-16.jpg]
[dreamstour.dreamstechnologies.com/html/assets/img/destination/destination-17.jpg]
[dreamstour.dreamstechnologies.com/html/assets/img/destination/destination-18.jpg]
[dreamstour.dreamstechnologies.com/html/assets/img/destination/destination-19.jpg]
[dreamstour.dreamstechnologies.com/html/assets/img/destination/destination-20.jpg]
[dreamstour.dreamstechnologies.com/html/assets/img/destination/destination-21.jpg]
[dreamstour.dreamstechnologies.com/html/assets/img/clients/client-08.svg]
[dreamstour.dreamstechnologies.com/html/assets/img/clients/client-09.svg]
[dreamstour.dreamstechnologies.com/html/assets/img/icons/flight-icon.svg]
[dreamstour.dreamstechnologies.com/html/assets/img/clients/client-10.svg]
[dreamstour.dreamstechnologies.com/html/assets/img/clients/client-11.svg]
[dreamstour.dreamstechnologies.com/html/assets/img/clients/client-12.svg]
[dreamstour.dreamstechnologies.com/html/assets/img/clients/client-13.svg]
[dreamstour.dreamstechnologies.com/html/assets/img/clients/client-14.svg]
[dreamstour.dreamstechnologies.com/html/assets/img/provider/provider-01.svg]
[dreamstour.dreamstechnologies.com/html/assets/img/provider/provider-02.svg]
[dreamstour.dreamstechnologies.com/html/assets/img/provider/provider-03.svg]
[dreamstour.dreamstechnologies.com/html/assets/img/flight/about.svg]
[dreamstour.dreamstechnologies.com/html/assets/img/bg/flight-bg.png]
[dreamstour.dreamstechnologies.com/html/assets/img/bg/flight-bg-01.png]
[dreamstour.dreamstechnologies.com/html/assets/img/bg/flight-bg-02.png]
[dreamstour.dreamstechnologies.com/html/assets/img/icons/icon-arrow.svg]
[dreamstour.dreamstechnologies.com/html/assets/img/users/user-28.jpg]
[dreamstour.dreamstechnologies.com/html/assets/img/users/user-22.jpg]
[dreamstour.dreamstechnologies.com/html/assets/img/users/user-27.jpg]
[dreamstour.dreamstechnologies.com/html/assets/img/bg/testimonial-bg-01.png]
[dreamstour.dreamstechnologies.com/html/assets/img/bg/testimonial-bg-02.png]
[dreamstour.dreamstechnologies.com/html/assets/img/flight/business.svg]
[dreamstour.dreamstechnologies.com/html/assets/img/blog/blog-11.jpg]
[dreamstour.dreamstechnologies.com/html/assets/img/blog/blog-12.jpg]
[dreamstour.dreamstechnologies.com/html/assets/img/blog/blog-13.jpg]
[dreamstour.dreamstechnologies.com/html/assets/img/blog/blog-14.jpg]
[dreamstour.dreamstechnologies.com/html/index-5.html]
[dreamstour.dreamstechnologies.com/html/assets/img/cruise/cruise-15.jpg]
[dreamstour.dreamstechnologies.com/html/assets/img/cruise/cruise-18.jpg]
[dreamstour.dreamstechnologies.com/html/assets/img/cruise/cruise-17.jpg]
[dreamstour.dreamstechnologies.com/html/assets/img/cruise/cruise-19.jpg]
[dreamstour.dreamstechnologies.com/html/assets/img/cruise/cruise-16.jpg]
[dreamstour.dreamstechnologies.com/html/assets/img/cruise/cruise-20.jpg]
[dreamstour.dreamstechnologies.com/html/assets/img/cruise/cruise-22.jpg]
[dreamstour.dreamstechnologies.com/html/assets/img/cruise/cruise-21.jpg]
[dreamstour.dreamstechnologies.com/html/assets/img/icons/extensive.svg]
[dreamstour.dreamstechnologies.com/html/assets/img/icons/trust.svg]
[dreamstour.dreamstechnologies.com/html/assets/img/destination/destination-07.jpg]
[dreamstour.dreamstechnologies.com/html/assets/img/destination/destination-08.jpg]
[dreamstour.dreamstechnologies.com/html/assets/img/destination/destination-09.jpg]
[dreamstour.dreamstechnologies.com/html/assets/img/destination/destination-10.jpg]
[dreamstour.dreamstechnologies.com/html/assets/img/destination/destination-11.jpg]
[dreamstour.dreamstechnologies.com/html/assets/img/destination/destination-12.jpg]
[dreamstour.dreamstechnologies.com/html/assets/img/destination/destination-13.jpg]
[dreamstour.dreamstechnologies.com/html/assets/img/destination/destination-14.jpg]
[dreamstour.dreamstechnologies.com/html/assets/img/cruise/cruise-03.jpg]
[dreamstour.dreamstechnologies.com/html/assets/img/faq/faq.png]
[dreamstour.dreamstechnologies.com/html/assets/img/cruise/cruise-23.jpg]
[dreamstour.dreamstechnologies.com/html/index-6.html]
[dreamstour.dreamstechnologies.com/html/assets/img/tours/tours-30.jpg]
[dreamstour.dreamstechnologies.com/html/assets/img/tours/tours-31.jpg]
[dreamstour.dreamstechnologies.com/html/assets/img/tours/tours-32.jpg]
[dreamstour.dreamstechnologies.com/html/assets/img/tours/tours-33.jpg]
[dreamstour.dreamstechnologies.com/html/assets/img/tours/tours-34.jpg]
[dreamstour.dreamstechnologies.com/html/assets/img/tours/tours-14.jpg]
[dreamstour.dreamstechnologies.com/html/assets/img/tours/tours-15.jpg]
[dreamstour.dreamstechnologies.com/html/assets/img/users/user-14.jpg]
[dreamstour.dreamstechnologies.com/html/assets/img/icons/providers-logo.svg]
[dreamstour.dreamstechnologies.com/html/assets/img/section-img-03.png]
[dreamstour.dreamstechnologies.com/html/assets/img/tours/tour-img.jpg]
[dreamstour.dreamstechnologies.com/html/assets/img/blog/blog-30.jpg]
[dreamstour.dreamstechnologies.com/html/assets/img/blog/blog-31.jpg]
[dreamstour.dreamstechnologies.com/html/assets/img/blog/blog-32.jpg]
[dreamstour.dreamstechnologies.com/html/index-7.html]
[dreamstour.dreamstechnologies.com/html/assets/img/flight/flight-company-01.svg]
[dreamstour.dreamstechnologies.com/html/assets/img/flight/flight-company-02.svg]
[dreamstour.dreamstechnologies.com/html/assets/img/flight/flight-company-04.svg]
[dreamstour.dreamstechnologies.com/html/assets/img/flight/flight-company-03.svg]
[dreamstour.dreamstechnologies.com/html/assets/img/flight/flight-company-05.svg]
[dreamstour.dreamstechnologies.com/html/assets/img/flight/flight-company-06.svg]
[dreamstour.dreamstechnologies.com/html/assets/img/flight/flight-09.jpg]
[dreamstour.dreamstechnologies.com/html/assets/img/flight/flight-05.jpg]
[dreamstour.dreamstechnologies.com/html/assets/img/users/user-16.jpg]
[dreamstour.dreamstechnologies.com/html/flight-grid.html]
[dreamstour.dreamstechnologies.com/html/flight-list.html]
[dreamstour.dreamstechnologies.com/html/assets/plugins/select2/css/select2.min.css]
[dreamstour.dreamstechnologies.com/html/assets/img/flight/flight-large-01.jpg]
[dreamstour.dreamstechnologies.com/html/assets/img/flight/flight-large-02.jpg]
[dreamstour.dreamstechnologies.com/html/assets/img/flight/flight-large-03.jpg]
[dreamstour.dreamstechnologies.com/html/assets/img/flight/flight-large-04.jpg]
[dreamstour.dreamstechnologies.com/html/assets/img/flight/flight-large-05.jpg]
[dreamstour.dreamstechnologies.com/html/assets/img/flight/flight-large-06.jpg]
[dreamstour.dreamstechnologies.com/html/assets/img/flight/flight-thumb-01.jpg]
[dreamstour.dreamstechnologies.com/html/assets/img/flight/flight-thumb-02.jpg]
[dreamstour.dreamstechnologies.com/html/assets/img/flight/flight-thumb-03.jpg]
[dreamstour.dreamstechnologies.com/html/assets/img/flight/flight-thumb-04.jpg]
[dreamstour.dreamstechnologies.com/html/assets/img/flight/flight-thumb-05.jpg]
[dreamstour.dreamstechnologies.com/html/assets/img/flight/flight-thumb-06.jpg]
[dreamstour.dreamstechnologies.com/html/assets/img/flight/flight-13.jpg]
[dreamstour.dreamstechnologies.com/html/assets/img/flight/flight-12.jpg]
[dreamstour.dreamstechnologies.com/html/assets/img/users/user-21.jpg]
[dreamstour.dreamstechnologies.com/html/assets/img/users/user-26.jpg]
[dreamstour.dreamstechnologies.com/html/assets/img/users/user-25.jpg]
[dreamstour.dreamstechnologies.com/html/assets/plugins/select2/js/select2.min.js]
[dreamstour.dreamstechnologies.com/html/flight-details.html]
[dreamstour.dreamstechnologies.com/html/flight-booking-confirmation.html]
[dreamstour.dreamstechnologies.com/html/assets/plugins/summernote/summernote-lite.min.css]
[dreamstour.dreamstechnologies.com/html/assets/img/uploads/upload-01.jpg]
[dreamstour.dreamstechnologies.com/html/assets/img/uploads/upload-02.jpg]
[dreamstour.dreamstechnologies.com/html/assets/img/uploads/upload-03.jpg]
[dreamstour.dreamstechnologies.com/html/assets/img/uploads/upload-04.jpg]
[dreamstour.dreamstechnologies.com/html/assets/img/uploads/upload-05.jpg]
[dreamstour.dreamstechnologies.com/html/add-flight.html]
[dreamstour.dreamstechnologies.com/html/assets/plugins/summernote/summernote-lite.min.js]
[dreamstour.dreamstechnologies.com/html/assets/img/hotels/hotel-model-01.jpg]
[dreamstour.dreamstechnologies.com/html/assets/img/hotels/hotel-model-02.jpg]
[dreamstour.dreamstechnologies.com/html/assets/img/hotels/hotel-model-03.jpg]
[dreamstour.dreamstechnologies.com/html/assets/img/hotels/hotel-model-04.jpg]
[dreamstour.dreamstechnologies.com/html/assets/img/hotels/hotel-model-06.jpg]
[dreamstour.dreamstechnologies.com/html/assets/img/hotels/hotel-10.jpg]
[dreamstour.dreamstechnologies.com/html/hotel-grid.html]
[dreamstour.dreamstechnologies.com/html/hotel-list.html]
[dreamstour.dreamstechnologies.com/html/assets/js/map-grid.js]
[dreamstour.dreamstechnologies.com/html/hotel-map.html]
[dreamstour.dreamstechnologies.com/html/assets/img/hotels/hotel-large-01.jpg]
[dreamstour.dreamstechnologies.com/html/assets/img/hotels/hotel-large-02.jpg]
[dreamstour.dreamstechnologies.com/html/assets/img/hotels/hotel-large-03.jpg]
[dreamstour.dreamstechnologies.com/html/assets/img/hotels/hotel-large-04.jpg]
[dreamstour.dreamstechnologies.com/html/assets/img/hotels/hotel-large-05.jpg]
[dreamstour.dreamstechnologies.com/html/assets/img/hotels/hotel-large-06.jpg]
[dreamstour.dreamstechnologies.com/html/assets/img/hotels/hotel-thumb-01.jpg]
[dreamstour.dreamstechnologies.com/html/assets/img/hotels/hotel-thumb-02.jpg]
[dreamstour.dreamstechnologies.com/html/assets/img/hotels/hotel-thumb-03.jpg]
[dreamstour.dreamstechnologies.com/html/assets/img/hotels/hotel-thumb-04.jpg]
[dreamstour.dreamstechnologies.com/html/assets/img/hotels/hotel-thumb-05.jpg]
[dreamstour.dreamstechnologies.com/html/assets/img/hotels/hotel-thumb-06.jpg]
[dreamstour.dreamstechnologies.com/html/assets/img/hotels/hotel-large-07.jpg]
[dreamstour.dreamstechnologies.com/html/assets/img/hotels/hotel-gallery-01.jpg]
[dreamstour.dreamstechnologies.com/html/assets/img/hotels/hotel-large-08.jpg]
[dreamstour.dreamstechnologies.com/html/assets/img/hotels/hotel-gallery-02.jpg]
[dreamstour.dreamstechnologies.com/html/assets/img/hotels/hotel-large-09.jpg]
[dreamstour.dreamstechnologies.com/html/assets/img/hotels/hotel-gallery-03.jpg]
[dreamstour.dreamstechnologies.com/html/assets/img/hotels/hotel-large-10.jpg]
[dreamstour.dreamstechnologies.com/html/assets/img/hotels/hotel-gallery-04.jpg]
[dreamstour.dreamstechnologies.com/html/assets/img/hotels/hotel-large-11.jpg]
[dreamstour.dreamstechnologies.com/html/assets/img/hotels/hotel-gallery-05.jpg]
[dreamstour.dreamstechnologies.com/html/assets/img/hotels/hotel-large-12.jpg]
[dreamstour.dreamstechnologies.com/html/assets/img/hotels/hotel-gallery-06.jpg]
[dreamstour.dreamstechnologies.com/html/assets/img/hotels/hotel-large-13.jpg]
[dreamstour.dreamstechnologies.com/html/assets/img/hotels/hotel-gallery-07.jpg]
[dreamstour.dreamstechnologies.com/html/assets/img/hotels/hotel-large-14.jpg]
[dreamstour.dreamstechnologies.com/html/assets/img/hotels/hotel-gallery-08.jpg]
[dreamstour.dreamstechnologies.com/html/assets/img/hotels/hotel-large-15.jpg]
[dreamstour.dreamstechnologies.com/html/assets/img/hotels/hotel-gallery-09.jpg]
[dreamstour.dreamstechnologies.com/html/assets/img/hotels/hotel-large-16.jpg]
[dreamstour.dreamstechnologies.com/html/assets/img/hotels/hotel-gallery-10.jpg]
[dreamstour.dreamstechnologies.com/html/assets/img/hotels/hotel-large-17.jpg]
[dreamstour.dreamstechnologies.com/html/assets/img/hotels/hotel-gallery-11.jpg]
[dreamstour.dreamstechnologies.com/html/hotel-details.html]
[dreamstour.dreamstechnologies.com/html/booking-confirmation.html]
[dreamstour.dreamstechnologies.com/html/add-hotel.html]
[dreamstour.dreamstechnologies.com/html/assets/img/cars/car-01.jpg]
[dreamstour.dreamstechnologies.com/html/assets/img/cars/car-02.jpg]
[dreamstour.dreamstechnologies.com/html/assets/img/cars/car-03.jpg]
[dreamstour.dreamstechnologies.com/html/assets/img/cars/car-04.jpg]
[dreamstour.dreamstechnologies.com/html/assets/img/cars/car-05.jpg]
[dreamstour.dreamstechnologies.com/html/assets/img/cars/car-17.jpg]
[dreamstour.dreamstechnologies.com/html/assets/img/cars/car-14.jpg]
[dreamstour.dreamstechnologies.com/html/car-grid.html]
[dreamstour.dreamstechnologies.com/html/car-list.html]
[dreamstour.dreamstechnologies.com/html/assets/js/map-car.js]
[dreamstour.dreamstechnologies.com/html/car-map.html]
[dreamstour.dreamstechnologies.com/html/assets/img/cars/car-thumb-01.jpg]
[dreamstour.dreamstechnologies.com/html/assets/img/cars/car-thumb-02.jpg]
[dreamstour.dreamstechnologies.com/html/assets/img/cars/car-thumb-03.jpg]
[dreamstour.dreamstechnologies.com/html/assets/img/cars/car-thumb-04.jpg]
[dreamstour.dreamstechnologies.com/html/assets/img/cars/car-thumb-05.jpg]
[dreamstour.dreamstechnologies.com/html/assets/img/cars/car-large-01.jpg]
[dreamstour.dreamstechnologies.com/html/assets/img/cars/car-large-02.jpg]
[dreamstour.dreamstechnologies.com/html/assets/img/cars/car-large-03.jpg]
[dreamstour.dreamstechnologies.com/html/assets/img/cars/car-large-04.jpg]
[dreamstour.dreamstechnologies.com/html/assets/img/cars/car-large-05.jpg]
[dreamstour.dreamstechnologies.com/html/assets/img/cars/gallery-car-lg-01.jpg]
[dreamstour.dreamstechnologies.com/html/assets/img/cars/gallery-car-01.jpg]
[dreamstour.dreamstechnologies.com/html/assets/img/cars/gallery-car-lg-02.jpg]
[dreamstour.dreamstechnologies.com/html/assets/img/cars/gallery-car-02.jpg]
[dreamstour.dreamstechnologies.com/html/assets/img/cars/gallery-car-lg-03.jpg]
[dreamstour.dreamstechnologies.com/html/assets/img/cars/gallery-car-03.jpg]
[dreamstour.dreamstechnologies.com/html/assets/img/cars/gallery-car-lg-04.jpg]
[dreamstour.dreamstechnologies.com/html/assets/img/cars/gallery-car-04.jpg]
[dreamstour.dreamstechnologies.com/html/assets/img/cars/gallery-car-lg-05.jpg]
[dreamstour.dreamstechnologies.com/html/assets/img/cars/gallery-car-05.jpg]
[dreamstour.dreamstechnologies.com/html/assets/img/cars/gallery-car-lg-06.jpg]
[dreamstour.dreamstechnologies.com/html/assets/img/cars/gallery-car-06.jpg]
[dreamstour.dreamstechnologies.com/html/car-details.html]
[dreamstour.dreamstechnologies.com/html/assets/img/cars/car-16.jpg]
[dreamstour.dreamstechnologies.com/html/car-booking-confirmation.html]
[dreamstour.dreamstechnologies.com/html/add-car.html]
[dreamstour.dreamstechnologies.com/html/assets/img/cruise/cruise-06.jpg]
[dreamstour.dreamstechnologies.com/html/assets/img/cruise/cruise-11.jpg]
[dreamstour.dreamstechnologies.com/html/assets/img/cruise/cruise-08.jpg]
[dreamstour.dreamstechnologies.com/html/cruise-grid.html]
[dreamstour.dreamstechnologies.com/html/cruise-list.html]
[dreamstour.dreamstechnologies.com/html/assets/js/map-cruise.js]
[dreamstour.dreamstechnologies.com/html/cruise-map.html]
[dreamstour.dreamstechnologies.com/html/assets/img/cruise/cruise-large-01.jpg]
[dreamstour.dreamstechnologies.com/html/assets/img/cruise/cruise-large-02.jpg]
[dreamstour.dreamstechnologies.com/html/assets/img/cruise/cruise-large-03.jpg]
[dreamstour.dreamstechnologies.com/html/assets/img/cruise/cruise-large-04.jpg]
[dreamstour.dreamstechnologies.com/html/assets/img/cruise/cruise-large-05.jpg]
[dreamstour.dreamstechnologies.com/html/assets/img/cruise/cruise-large-06.jpg]
[dreamstour.dreamstechnologies.com/html/assets/img/cruise/cruise-thumb-01.jpg]
[dreamstour.dreamstechnologies.com/html/assets/img/cruise/cruise-thumb-02.jpg]
[dreamstour.dreamstechnologies.com/html/assets/img/cruise/cruise-thumb-03.jpg]
[dreamstour.dreamstechnologies.com/html/assets/img/cruise/cruise-thumb-04.jpg]
[dreamstour.dreamstechnologies.com/html/assets/img/cruise/cruise-thumb-05.jpg]
[dreamstour.dreamstechnologies.com/html/assets/img/cruise/cruise-thumb-06.jpg]
[dreamstour.dreamstechnologies.com/html/assets/img/cruise/cruise-14.jpg]
[dreamstour.dreamstechnologies.com/html/assets/img/tours/tours-16.jpg]
[dreamstour.dreamstechnologies.com/html/assets/img/tours/tours-17.jpg]
[dreamstour.dreamstechnologies.com/html/assets/img/tours/tours-18.jpg]
[dreamstour.dreamstechnologies.com/html/assets/img/tours/tours-19.jpg]
[dreamstour.dreamstechnologies.com/html/cruise-details.html]
[dreamstour.dreamstechnologies.com/html/cruise-booking-confirmation.html]
[dreamstour.dreamstechnologies.com/html/add-cruise.html]
[dreamstour.dreamstechnologies.com/html/assets/img/tours/tours-01.jpg]
[dreamstour.dreamstechnologies.com/html/assets/img/tours/tours-02.jpg]
[dreamstour.dreamstechnologies.com/html/assets/img/tours/tours-03.jpg]
[dreamstour.dreamstechnologies.com/html/assets/img/tours/tours-04.jpg]
[dreamstour.dreamstechnologies.com/html/assets/img/tours/tours-05.jpg]
[dreamstour.dreamstechnologies.com/html/assets/img/tours/tours-06.jpg]
[dreamstour.dreamstechnologies.com/html/tour-grid.html]
[dreamstour.dreamstechnologies.com/html/tour-list.html]
[dreamstour.dreamstechnologies.com/html/assets/js/map-tour.js]
[dreamstour.dreamstechnologies.com/html/tour-map.html]
[dreamstour.dreamstechnologies.com/html/assets/img/tours/tour-large-01.jpg]
[dreamstour.dreamstechnologies.com/html/assets/img/tours/tour-large-02.jpg]
[dreamstour.dreamstechnologies.com/html/assets/img/tours/tour-large-03.jpg]
[dreamstour.dreamstechnologies.com/html/assets/img/tours/tour-large-04.jpg]
[dreamstour.dreamstechnologies.com/html/assets/img/tours/tour-large-05.jpg]
[dreamstour.dreamstechnologies.com/html/assets/img/tours/tour-thumb-01.jpg]
[dreamstour.dreamstechnologies.com/html/assets/img/tours/tour-thumb-02.jpg]
[dreamstour.dreamstechnologies.com/html/assets/img/tours/tour-thumb-03.jpg]
[dreamstour.dreamstechnologies.com/html/assets/img/tours/tour-thumb-04.jpg]
[dreamstour.dreamstechnologies.com/html/assets/img/tours/tour-thumb-05.jpg]
[dreamstour.dreamstechnologies.com/html/assets/img/tours/gallery-tour-lg-01.jpg]
[dreamstour.dreamstechnologies.com/html/assets/img/tours/gallery-tour-01.jpg]
[dreamstour.dreamstechnologies.com/html/assets/img/tours/gallery-tour-lg-02.jpg]
[dreamstour.dreamstechnologies.com/html/assets/img/tours/gallery-tour-02.jpg]
[dreamstour.dreamstechnologies.com/html/assets/img/tours/gallery-tour-lg-03.jpg]
[dreamstour.dreamstechnologies.com/html/assets/img/tours/gallery-tour-03.jpg]
[dreamstour.dreamstechnologies.com/html/assets/img/tours/gallery-tour-lg-04.jpg]
[dreamstour.dreamstechnologies.com/html/assets/img/tours/gallery-tour-04.jpg]
[dreamstour.dreamstechnologies.com/html/assets/img/tours/gallery-tour-lg-05.jpg]
[dreamstour.dreamstechnologies.com/html/assets/img/tours/gallery-tour-05.jpg]
[dreamstour.dreamstechnologies.com/html/assets/img/tours/gallery-tour-lg-06.jpg]
[dreamstour.dreamstechnologies.com/html/assets/img/tours/gallery-tour-06.jpg]
[dreamstour.dreamstechnologies.com/html/tour-details.html]
[dreamstour.dreamstechnologies.com/html/assets/img/tours/tours-21.jpg]
[dreamstour.dreamstechnologies.com/html/tour-booking-confirmation.html]
[dreamstour.dreamstechnologies.com/html/add-tour.html]
[dreamstour.dreamstechnologies.com/html/assets/img/bg/about-arrow.png]
[dreamstour.dreamstechnologies.com/html/assets/img/bg/about-bg-stars-bottom.png]
[dreamstour.dreamstechnologies.com/html/assets/img/bg/about-bg-stars-top.png]
[dreamstour.dreamstechnologies.com/html/assets/img/users/user-17.jpg]
[dreamstour.dreamstechnologies.com/html/assets/img/users/user-18.jpg]
[dreamstour.dreamstechnologies.com/html/assets/img/users/user-19.jpg]
[dreamstour.dreamstechnologies.com/html/assets/img/users/user-20.jpg]
[dreamstour.dreamstechnologies.com/html/about-us.html]
[dreamstour.dreamstechnologies.com/html/assets/img/gallery/gallery-01.jpg]
[dreamstour.dreamstechnologies.com/html/assets/img/gallery/gallery-02.jpg]
[dreamstour.dreamstechnologies.com/html/assets/img/gallery/gallery-03.jpg]
[dreamstour.dreamstechnologies.com/html/assets/img/gallery/gallery-04.jpg]
[dreamstour.dreamstechnologies.com/html/assets/img/gallery/gallery-05.jpg]
[dreamstour.dreamstechnologies.com/html/assets/img/gallery/gallery-06.jpg]
[dreamstour.dreamstechnologies.com/html/assets/img/gallery/gallery-07.jpg]
[dreamstour.dreamstechnologies.com/html/assets/img/gallery/gallery-08.jpg]
[dreamstour.dreamstechnologies.com/html/assets/img/gallery/gallery-09.jpg]
[dreamstour.dreamstechnologies.com/html/assets/img/gallery/gallery-10.jpg]
[dreamstour.dreamstechnologies.com/html/assets/img/gallery/gallery-11.jpg]
[dreamstour.dreamstechnologies.com/html/assets/img/gallery/gallery-12.jpg]
[dreamstour.dreamstechnologies.com/html/assets/img/gallery/gallery-13.jpg]
[dreamstour.dreamstechnologies.com/html/assets/img/gallery/gallery-14.jpg]
[dreamstour.dreamstechnologies.com/html/assets/img/gallery/gallery-15.jpg]
[dreamstour.dreamstechnologies.com/html/assets/img/gallery/gallery-16.jpg]
[dreamstour.dreamstechnologies.com/html/gallery.html]
[dreamstour.dreamstechnologies.com/html/assets/img/users/user-34.jpg]
[dreamstour.dreamstechnologies.com/html/assets/img/users/user-35.jpg]
[dreamstour.dreamstechnologies.com/html/assets/img/users/user-36.jpg]
[dreamstour.dreamstechnologies.com/html/assets/img/users/user-37.jpg]
[dreamstour.dreamstechnologies.com/html/assets/img/users/user-38.jpg]
[dreamstour.dreamstechnologies.com/html/assets/img/users/user-39.jpg]
[dreamstour.dreamstechnologies.com/html/assets/img/users/user-40.jpg]
[dreamstour.dreamstechnologies.com/html/assets/img/users/user-41.jpg]
[dreamstour.dreamstechnologies.com/html/testimonial.html]
[dreamstour.dreamstechnologies.com/html/faq.html]
[dreamstour.dreamstechnologies.com/html/pricing-plan.html]
[dreamstour.dreamstechnologies.com/html/assets/img/users/user-lg-29.jpg]
[dreamstour.dreamstechnologies.com/html/assets/img/users/user-lg-28.jpg]
[dreamstour.dreamstechnologies.com/html/assets/img/users/user-23.jpg]
[dreamstour.dreamstechnologies.com/html/assets/img/users/user-lg-25.jpg]
[dreamstour.dreamstechnologies.com/html/assets/img/users/user-lg-30.jpg]
[dreamstour.dreamstechnologies.com/html/assets/img/users/user-24.jpg]
[dreamstour.dreamstechnologies.com/html/assets/img/users/user-lg-27.jpg]
[dreamstour.dreamstechnologies.com/html/team.html]
[dreamstour.dreamstechnologies.com/html/assets/img/invoice/qr.svg]
[dreamstour.dreamstechnologies.com/html/invoices.html]
[dreamstour.dreamstechnologies.com/html/assets/img/invoice/sign.svg]
[dreamstour.dreamstechnologies.com/html/assets/img/blog/blog-09.jpg]
[dreamstour.dreamstechnologies.com/html/assets/img/blog/blog-05.jpg]
[dreamstour.dreamstechnologies.com/html/assets/img/blog/blog-06.jpg]
[dreamstour.dreamstechnologies.com/html/assets/img/blog/blog-10.jpg]
[dreamstour.dreamstechnologies.com/html/assets/img/blog/blog-08.jpg]
[dreamstour.dreamstechnologies.com/html/assets/img/blog/blog-07.jpg]
[dreamstour.dreamstechnologies.com/html/blog-grid.html]
[dreamstour.dreamstechnologies.com/html/assets/img/blog/blog-list-03.jpg]
[dreamstour.dreamstechnologies.com/html/assets/img/blog/blog-list-01.jpg]
[dreamstour.dreamstechnologies.com/html/assets/img/blog/blog-list-02.jpg]
[dreamstour.dreamstechnologies.com/html/blog-list.html]
[dreamstour.dreamstechnologies.com/html/assets/img/blog/blog-sm-01.jpg]
[dreamstour.dreamstechnologies.com/html/assets/img/icons/Polygon.svg]
[dreamstour.dreamstechnologies.com/html/assets/img/blog/blog-34.jpg]
[dreamstour.dreamstechnologies.com/html/assets/img/blog/blog-35.jpg]
[dreamstour.dreamstechnologies.com/html/assets/img/icons/facebook.svg]
[dreamstour.dreamstechnologies.com/html/assets/img/icons/insta.svg]
[dreamstour.dreamstechnologies.com/html/assets/img/icons/twitter.svg]
[dreamstour.dreamstechnologies.com/html/assets/img/icons/whatsapp.svg]
[dreamstour.dreamstechnologies.com/html/assets/img/users/user-42.jpg]
[dreamstour.dreamstechnologies.com/html/blog-details.html]
[dreamstour.dreamstechnologies.com/html/contact-us.html]
[dreamstour.dreamstechnologies.com/html/assets/img/destination/destination-40.jpg]
[dreamstour.dreamstechnologies.com/html/assets/img/destination/destination-41.jpg]
[dreamstour.dreamstechnologies.com/html/assets/img/destination/destination-42.jpg]
[dreamstour.dreamstechnologies.com/html/assets/img/destination/destination-43.jpg]
[dreamstour.dreamstechnologies.com/html/assets/img/destination/destination-44.jpg]
[dreamstour.dreamstechnologies.com/html/assets/img/destination/destination-45.jpg]
[dreamstour.dreamstechnologies.com/html/assets/img/destination/destination-46.jpg]
[dreamstour.dreamstechnologies.com/html/assets/img/destination/destination-47.jpg]
[dreamstour.dreamstechnologies.com/html/destination.html]
[dreamstour.dreamstechnologies.com/html/terms-conditions.html]
[dreamstour.dreamstechnologies.com/html/privacy-policy.html]
[dreamstour.dreamstechnologies.com/html/login.html]
[dreamstour.dreamstechnologies.com/html/register.html]
[dreamstour.dreamstechnologies.com/html/forgot-password.html]
[dreamstour.dreamstechnologies.com/html/change-password.html]
[dreamstour.dreamstechnologies.com/html/error-404.html]
[dreamstour.dreamstechnologies.com/html/assets/img/error-400.svg]
[dreamstour.dreamstechnologies.com/html/error-500.html]
[dreamstour.dreamstechnologies.com/html/assets/img/bg/error-500.svg]
[dreamstour.dreamstechnologies.com/html/under-maintenance.html]
[dreamstour.dreamstechnologies.com/html/coming-soon.html]
[dreamstour.dreamstechnologies.com/html/assets/img/under-maintenance.svg]
[dreamstour.dreamstechnologies.com/html/assets/css/bootstrap.rtl.min.css]
[dreamstour.dreamstechnologies.com/html/assets/js/script-rtl.js]
[dreamstour.dreamstechnologies.com/html/index-rtl.html]
[dreamstour.dreamstechnologies.com/html/assets/img/hotels/hotel-15.jpg]
[dreamstour.dreamstechnologies.com/html/assets/img/tours/tours-24.jpg]
[dreamstour.dreamstechnologies.com/html/assets/img/hotels/hotel-21.jpg]
[dreamstour.dreamstechnologies.com/html/assets/img/cruise/cruise-26.jpg]
[dreamstour.dreamstechnologies.com/html/assets/img/tours/tours-29.jpg]
[dreamstour.dreamstechnologies.com/html/assets/img/hotels/hotel-24.jpg]
[dreamstour.dreamstechnologies.com/html/assets/plugins/apexchart/apexcharts.min.js]
[dreamstour.dreamstechnologies.com/html/assets/plugins/apexchart/chart-data.js]
[dreamstour.dreamstechnologies.com/html/dashboard.html]
[dreamstour.dreamstechnologies.com/html/assets/css/dataTables.bootstrap5.min.css]
[dreamstour.dreamstechnologies.com/html/flight-booking.html]
[dreamstour.dreamstechnologies.com/html/assets/js/jquery.dataTables.min.js]
[dreamstour.dreamstechnologies.com/html/assets/js/dataTables.bootstrap5.min.js]
[dreamstour.dreamstechnologies.com/html/customer-flight-booking.html]
[dreamstour.dreamstechnologies.com/html/review.html]
[dreamstour.dreamstechnologies.com/html/assets/img/users/user-29.jpg]
[dreamstour.dreamstechnologies.com/html/assets/img/users/user-30.jpg]
[dreamstour.dreamstechnologies.com/html/assets/img/users/user-31.jpg]
[dreamstour.dreamstechnologies.com/html/assets/img/users/user-32.jpg]
[dreamstour.dreamstechnologies.com/html/assets/img/users/user-33.jpg]
[dreamstour.dreamstechnologies.com/html/assets/img/cruise/cruise-29.jpg]
[dreamstour.dreamstechnologies.com/html/assets/img/cruise/cruise-13.jpg]
[dreamstour.dreamstechnologies.com/html/assets/img/icons/thumbs-up.svg]
[dreamstour.dreamstechnologies.com/html/assets/img/icons/emonji-02.svg]
[dreamstour.dreamstechnologies.com/html/assets/img/icons/emonji-05.svg]
[dreamstour.dreamstechnologies.com/html/assets/img/icons/emonji-06.svg]
[dreamstour.dreamstechnologies.com/html/assets/img/icons/emonji-07.svg]
[dreamstour.dreamstechnologies.com/html/assets/img/icons/emonji-08.svg]
[dreamstour.dreamstechnologies.com/html/assets/plugins/slimscroll/jquery.slimscroll.min.js]
[dreamstour.dreamstechnologies.com/html/chat.html]
[dreamstour.dreamstechnologies.com/html/wallet.html]
[dreamstour.dreamstechnologies.com/html/payment.html]
[dreamstour.dreamstechnologies.com/html/profile-settings.html]
[dreamstour.dreamstechnologies.com/html/notification-settings.html]
[dreamstour.dreamstechnologies.com/html/my-profile.html]
[dreamstour.dreamstechnologies.com/html/integration-settings.html]
[dreamstour.dreamstechnologies.com/html/assets/plugins/intltelinput/css/intlTelInput.css]
[dreamstour.dreamstechnologies.com/html/assets/plugins/intltelinput/css/demo.css]
[dreamstour.dreamstechnologies.com/html/assets/plugins/intltelinput/js/intlTelInput.js]
[dreamstour.dreamstechnologies.com/html/security-settings.html]
[dreamstour.dreamstechnologies.com/html/assets/img/users/user-43.jpg]
[dreamstour.dreamstechnologies.com/html/agent-notifications.html]
[dreamstour.dreamstechnologies.com/html/agent-chat.html]
[dreamstour.dreamstechnologies.com/html/agent-car-booking.html]
[dreamstour.dreamstechnologies.com/html/agent-cruise-booking.html]
[dreamstour.dreamstechnologies.com/html/agent-tour-booking.html]
[dreamstour.dreamstechnologies.com/html/agent-flight-booking.html]
[dreamstour.dreamstechnologies.com/html/assets/img/hotels/hotel-20.jpg]
[dreamstour.dreamstechnologies.com/html/assets/img/tours/tours-28.jpg]
[dreamstour.dreamstechnologies.com/html/assets/img/cruise/cruise-28.jpg]
[dreamstour.dreamstechnologies.com/html/assets/img/tours/tours-26.jpg]
[dreamstour.dreamstechnologies.com/html/assets/img/hotels/hotel-18.jpg]
[dreamstour.dreamstechnologies.com/html/assets/img/hotels/hotel-19.jpg]
[dreamstour.dreamstechnologies.com/html/assets/img/hotels/hotel-22.jpg]
[dreamstour.dreamstechnologies.com/html/assets/img/hotels/hotel-13.jpg]
[dreamstour.dreamstechnologies.com/html/agent-dashboard.html]
[dreamstour.dreamstechnologies.com/html/edit-hotel.html]
[dreamstour.dreamstechnologies.com/html/edit-car.html]
[dreamstour.dreamstechnologies.com/html/edit-cruise.html]
[dreamstour.dreamstechnologies.com/html/edit-tour.html]
[dreamstour.dreamstechnologies.com/html/agent-listings.html]
[dreamstour.dreamstechnologies.com/html/agent-hotel-booking.html]
[dreamstour.dreamstechnologies.com/html/edit-flight.html]
[dreamstour.dreamstechnologies.com/html/agent-enquirers.html]
[dreamstour.dreamstechnologies.com/html/agent-earnings.html]
[dreamstour.dreamstechnologies.com/html/agent-review.html]
[dreamstour.dreamstechnologies.com/html/agent-enquiry-details.html]
[dreamstour.dreamstechnologies.com/html/agent-account-settings.html]
[dreamstour.dreamstechnologies.com/html/agent-security-settings.html]
[dreamstour.dreamstechnologies.com/html/agent-settings.html]
[dreamstour.dreamstechnologies.com/html/assets/img/icons/airindia.svg]
[dreamstour.dreamstechnologies.com/html/assets/img/icons/listing.svg]
[dreamstour.dreamstechnologies.com/html/assets/img/icons/progress-icon.svg]
[dreamstour.dreamstechnologies.com/html/assets/img/bg/about-bg-01.svg]
[dreamstour.dreamstechnologies.com/html/assets/img/flags/brazil.svg]
[dreamstour.dreamstechnologies.com/html/assets/img/flags/japan.svg]
[dreamstour.dreamstechnologies.com/html/assets/img/flags/africa.svg]
[dreamstour.dreamstechnologies.com/html/assets/img/flags/australia.svg]
[dreamstour.dreamstechnologies.com/html/assets/img/flags/norway.svg]
[dreamstour.dreamstechnologies.com/html/assets/img/clients/client-01.svg]
[dreamstour.dreamstechnologies.com/html/assets/img/clients/client-02.svg]
[dreamstour.dreamstechnologies.com/html/assets/img/clients/client-03.svg]
[dreamstour.dreamstechnologies.com/html/assets/img/clients/client-04.svg]
[dreamstour.dreamstechnologies.com/html/assets/img/clients/client-05.svg]
[dreamstour.dreamstechnologies.com/html/assets/img/clients/client-06.svg]
[dreamstour.dreamstechnologies.com/html/assets/img/clients/client-07.svg]
[dreamstour.dreamstechnologies.com/html/assets/img/bg/testimonial-bg-01.svg]
[dreamstour.dreamstechnologies.com/html/assets/img/icons/googleplay.svg]
[dreamstour.dreamstechnologies.com/html/assets/img/icons/appstore.svg]
[dreamstour.dreamstechnologies.com/html/assets/img/bg/footer.svg]
[dreamstour.dreamstechnologies.com/html/assets/img/icons/card-01.svg]
[dreamstour.dreamstechnologies.com/html/assets/img/icons/card-02.svg]
[dreamstour.dreamstechnologies.com/html/assets/img/icons/card-03.svg]
[dreamstour.dreamstechnologies.com/html/assets/img/icons/card-04.svg]
[dreamstour.dreamstechnologies.com/html/assets/img/icons/card-05.svg]
[dreamstour.dreamstechnologies.com/html/assets/img/icons/card-06.svg]
[dreamstour.dreamstechnologies.com/html/assets/img/icons/google-icon.svg]
[dreamstour.dreamstechnologies.com/html/assets/img/icons/fb-icon.svg]
[dreamstour.dreamstechnologies.com/html/assets/fonts/iconsax92de.html]
[dreamstour.dreamstechnologies.com/html/assets/fonts/iconsax92de-2.html]
[dreamstour.dreamstechnologies.com/html/assets/fonts/iconsax92de-3.html]
[dreamstour.dreamstechnologies.com/html/assets/img/icons/star-icon.svg]
[dreamstour.dreamstechnologies.com/html/assets/img/icons/star-white.svg]
[dreamstour.dreamstechnologies.com/html/assets/img/bg/coming-soon-bg.svg]
[dreamstour.dreamstechnologies.com/html/assets/img/icons/star-icon-2.svg]
[dreamstour.dreamstechnologies.com/html/assets/img/icons/dropdown.html]
[dreamstour.dreamstechnologies.com/html/assets/plugins/daterangepicker/daterangepicker.css]
[dreamstour.dreamstechnologies.com/html/agent-plans-settings.html]
[dreamstour.dreamstechnologies.com/html/hotel-booking.html]
[dreamstour.dreamstechnologies.com/html/assets/img/hotels/hotel-model-05.jpg]
[dreamstour.dreamstechnologies.com/html/assets/img/hotels/hotel-23.jpg]
[dreamstour.dreamstechnologies.com/html/customer-hotel-booking.html]
[dreamstour.dreamstechnologies.com/html/customer-car-booking.html]
[dreamstour.dreamstechnologies.com/html/car-booking.html]
[dreamstour.dreamstechnologies.com/html/cruise-booking.html]
[dreamstour.dreamstechnologies.com/html/assets/img/cruise/cruise-25.jpg]
[dreamstour.dreamstechnologies.com/html/assets/img/cruise/cruise-27.jpg]
[dreamstour.dreamstechnologies.com/html/customer-cruise-booking.html]
[dreamstour.dreamstechnologies.com/html/tour-booking.html]
[dreamstour.dreamstechnologies.com/html/assets/img/tours/tours-20.jpg]
[dreamstour.dreamstechnologies.com/html/assets/img/tours/tours-22.jpg]
[dreamstour.dreamstechnologies.com/html/assets/img/tours/tours-23.jpg]
[dreamstour.dreamstechnologies.com/html/assets/img/tours/tours-25.jpg]
[dreamstour.dreamstechnologies.com/html/assets/img/tours/tours-27.jpg]
[dreamstour.dreamstechnologies.com/html/customer-tour-booking.html]
[dreamstour.dreamstechnologies.com/html/notification.html]
[dreamstour.dreamstechnologies.com/html/assets/plugins/ion-rangeslider/css/ion.rangeSlider.css]
[dreamstour.dreamstechnologies.com/html/assets/plugins/ion-rangeslider/css/ion.rangeSlider.min.css]
[dreamstour.dreamstechnologies.com/html/assets/plugins/slick/slick.css]
[dreamstour.dreamstechnologies.com/html/assets/img/bg/hotel-bg-01.svg]
[dreamstour.dreamstechnologies.com/html/assets/img/bg/hotel-bg-02.svg]
[dreamstour.dreamstechnologies.com/html/assets/img/bg/hotel-bg-03.svg]
[dreamstour.dreamstechnologies.com/html/assets/img/bg/hotel-bg-04.svg]
[dreamstour.dreamstechnologies.com/html/assets/img/icons/hotel-logo-01.svg]
[dreamstour.dreamstechnologies.com/html/assets/img/icons/hotel-logo-02.svg]
[dreamstour.dreamstechnologies.com/html/assets/img/icons/hotel-logo-03.svg]
[dreamstour.dreamstechnologies.com/html/assets/img/icons/hotel-logo-04.svg]
[dreamstour.dreamstechnologies.com/html/assets/img/bg/hotel-bg-05.svg]
[dreamstour.dreamstechnologies.com/html/assets/img/bg/hotel-bg-06.svg]
[dreamstour.dreamstechnologies.com/html/assets/img/icons/car-icon.svg]
[dreamstour.dreamstechnologies.com/html/assets/img/icons/arrow.svg]
[dreamstour.dreamstechnologies.com/html/assets/img/icons/circle-shape.svg]
[dreamstour.dreamstechnologies.com/html/assets/img/icons/flight-icon.svg]
[dreamstour.dreamstechnologies.com/html/assets/img/clients/client-08.svg]
[dreamstour.dreamstechnologies.com/html/assets/img/clients/client-09.svg]
[dreamstour.dreamstechnologies.com/html/assets/img/clients/client-10.svg]
[dreamstour.dreamstechnologies.com/html/assets/img/clients/client-11.svg]
[dreamstour.dreamstechnologies.com/html/assets/img/clients/client-12.svg]
[dreamstour.dreamstechnologies.com/html/assets/img/clients/client-13.svg]
[dreamstour.dreamstechnologies.com/html/assets/img/clients/client-14.svg]
[dreamstour.dreamstechnologies.com/html/assets/img/provider/provider-01.svg]
[dreamstour.dreamstechnologies.com/html/assets/img/provider/provider-02.svg]
[dreamstour.dreamstechnologies.com/html/assets/img/provider/provider-03.svg]
[dreamstour.dreamstechnologies.com/html/assets/img/flight/about.svg]
[dreamstour.dreamstechnologies.com/html/assets/img/icons/icon-arrow.svg]
[dreamstour.dreamstechnologies.com/html/assets/img/flight/business.svg]
[dreamstour.dreamstechnologies.com/html/assets/img/icons/extensive.svg]
[dreamstour.dreamstechnologies.com/html/assets/img/icons/trust.svg]
[dreamstour.dreamstechnologies.com/html/assets/img/icons/providers-logo.svg]
[dreamstour.dreamstechnologies.com/html/assets/img/flight/flight-company-01.svg]
[dreamstour.dreamstechnologies.com/html/assets/img/flight/flight-company-02.svg]
[dreamstour.dreamstechnologies.com/html/assets/img/flight/flight-company-03.svg]
[dreamstour.dreamstechnologies.com/html/assets/img/flight/flight-company-04.svg]
[dreamstour.dreamstechnologies.com/html/assets/img/flight/flight-company-05.svg]
[dreamstour.dreamstechnologies.com/html/assets/img/flight/flight-company-06.svg]
[dreamstour.dreamstechnologies.com/html/assets/plugins/select2/css/select2.min.css]
[dreamstour.dreamstechnologies.com/html/assets/plugins/summernote/font/summernote.eot]
[dreamstour.dreamstechnologies.com/html/assets/plugins/summernote/font/summernoted41d.eot]
[dreamstour.dreamstechnologies.com/html/assets/plugins/summernote/font/summernote.woff2]
[dreamstour.dreamstechnologies.com/html/assets/plugins/summernote/font/summernote.woff]
[dreamstour.dreamstechnologies.com/html/assets/plugins/summernote/summernote-lite.min.css]
[dreamstour.dreamstechnologies.com/html/assets/img/invoice/qr.svg]
[dreamstour.dreamstechnologies.com/html/assets/img/invoice/sign.svg]
[dreamstour.dreamstechnologies.com/html/assets/img/icons/Polygon.svg]
[dreamstour.dreamstechnologies.com/html/assets/img/icons/facebook.svg]
[dreamstour.dreamstechnologies.com/html/assets/img/icons/insta.svg]
[dreamstour.dreamstechnologies.com/html/assets/img/icons/twitter.svg]
[dreamstour.dreamstechnologies.com/html/assets/img/icons/whatsapp.svg]
[dreamstour.dreamstechnologies.com/html/assets/img/error-400.svg]
[dreamstour.dreamstechnologies.com/html/assets/img/bg/error-500.svg]
[dreamstour.dreamstechnologies.com/html/assets/img/under-maintenance.svg]
[dreamstour.dreamstechnologies.com/html/assets/css/bootstrap.rtl.min.css]
[dreamstour.dreamstechnologies.com/html/assets/css/dataTables.bootstrap5.min.css]
[dreamstour.dreamstechnologies.com/html/assets/plugins/summernote/font/summernote.ttf]
[dreamstour.dreamstechnologies.com/html/assets/img/icons/visa.svg]
[dreamstour.dreamstechnologies.com/html/assets/img/icons/visa-2.svg]
[dreamstour.dreamstechnologies.com/html/flight-booking.html]
[dreamstour.dreamstechnologies.com/html/assets/img/icons/thumbs-up.svg]
[dreamstour.dreamstechnologies.com/html/assets/img/icons/emonji-02.svg]
[dreamstour.dreamstechnologies.com/html/assets/img/icons/emonji-05.svg]
[dreamstour.dreamstechnologies.com/html/assets/img/icons/emonji-06.svg]
[dreamstour.dreamstechnologies.com/html/assets/img/icons/emonji-07.svg]
[dreamstour.dreamstechnologies.com/html/assets/img/icons/emonji-08.svg]
[dreamstour.dreamstechnologies.com/html/assets/img/icons/tick-circle.svg]
[dreamstour.dreamstechnologies.com/html/assets/img/icons/google.svg]
[dreamstour.dreamstechnologies.com/html/assets/img/icons/google-calender.svg]
[dreamstour.dreamstechnologies.com/html/integration-settings.html]
[dreamstour.dreamstechnologies.com/html/assets/img/icons/google-map.svg]
[dreamstour.dreamstechnologies.com/html/assets/plugins/intltelinput/img/flags.png]
[dreamstour.dreamstechnologies.com/html/assets/plugins/intltelinput/img/flags@2x.png]
[dreamstour.dreamstechnologies.com/html/assets/plugins/intltelinput/css/intlTelInput.css]
[dreamstour.dreamstechnologies.com/html/assets/plugins/intltelinput/css/demo.css]
[dreamstour.dreamstechnologies.com/html/agent-notifications.html]
[dreamstour.dreamstechnologies.com/html/agent-chat.html]
[dreamstour.dreamstechnologies.com/html/agent-car-booking.html]
[dreamstour.dreamstechnologies.com/html/agent-cruise-booking.html]
[dreamstour.dreamstechnologies.com/html/agent-tour-booking.html]
[dreamstour.dreamstechnologies.com/html/agent-flight-booking.html]
[dreamstour.dreamstechnologies.com/html/edit-hotel.html]
[dreamstour.dreamstechnologies.com/html/edit-car.html]
[dreamstour.dreamstechnologies.com/html/edit-cruise.html]
[dreamstour.dreamstechnologies.com/html/edit-tour.html]
[dreamstour.dreamstechnologies.com/html/edit-flight.html]
[dreamstour.dreamstechnologies.com/html/agent-enquiry-details.html]
[dreamstour.dreamstechnologies.com/html/agent-account-settings.html]
[dreamstour.dreamstechnologies.com/html/agent-security-settings.html]
[dreamstour.dreamstechnologies.com/html/assets/img/icons/visa-3.svg]
[dreamstour.dreamstechnologies.com/html/agent-plans-settings.html]
[dreamstour.dreamstechnologies.com/html/hotel-booking.html]
[dreamstour.dreamstechnologies.com/html/car-booking.html]
[dreamstour.dreamstechnologies.com/html/cruise-booking.html]
[dreamstour.dreamstechnologies.com/html/tour-booking.html]
[dreamstour.dreamstechnologies.com/html/assets/img/icons/visa.svg]
[dreamstour.dreamstechnologies.com/html/assets/img/icons/visa-2.svg]
[dreamstour.dreamstechnologies.com/html/assets/img/icons/tick-circle.svg]
[dreamstour.dreamstechnologies.com/html/assets/img/icons/google.svg]
[dreamstour.dreamstechnologies.com/html/assets/img/icons/google-calender.svg]
[dreamstour.dreamstechnologies.com/html/assets/img/icons/google-map.svg]
[dreamstour.dreamstechnologies.com/html/assets/img/icons/visa-3.svg]
[dreamstour.dreamstechnologies.com/html/agent-plans.html]
[dreamstour.dreamstechnologies.com/html/agent-plans.html]
